Archive member included to satisfy reference by file (symbol)

d:/installed program/truestudio for stm32 9.3.0/armtools/bin/../lib/gcc/arm-atollic-eabi/6.3.1/../../../../arm-atollic-eabi/lib/armv7e-m/fpu\libc_nano.a(lib_a-errno.o)
                              Src\syscalls.o (__errno)
d:/installed program/truestudio for stm32 9.3.0/armtools/bin/../lib/gcc/arm-atollic-eabi/6.3.1/../../../../arm-atollic-eabi/lib/armv7e-m/fpu\libc_nano.a(lib_a-impure.o)
                              d:/installed program/truestudio for stm32 9.3.0/armtools/bin/../lib/gcc/arm-atollic-eabi/6.3.1/../../../../arm-atollic-eabi/lib/armv7e-m/fpu\libc_nano.a(lib_a-errno.o) (_impure_ptr)
d:/installed program/truestudio for stm32 9.3.0/armtools/bin/../lib/gcc/arm-atollic-eabi/6.3.1/../../../../arm-atollic-eabi/lib/armv7e-m/fpu\libc_nano.a(lib_a-init.o)
                              startup\startup_stm32f401xe.o (__libc_init_array)
d:/installed program/truestudio for stm32 9.3.0/armtools/bin/../lib/gcc/arm-atollic-eabi/6.3.1/../../../../arm-atollic-eabi/lib/armv7e-m/fpu\libc_nano.a(lib_a-memcpy-stub.o)
                              Modbus\Ringbuf\ul_RingBuffer.o (memcpy)
d:/installed program/truestudio for stm32 9.3.0/armtools/bin/../lib/gcc/arm-atollic-eabi/6.3.1/../../../../arm-atollic-eabi/lib/armv7e-m/fpu\libc_nano.a(lib_a-memset.o)
                              Src\main.o (memset)
d:/installed program/truestudio for stm32 9.3.0/armtools/bin/../lib/gcc/arm-atollic-eabi/6.3.1/../../../../arm-atollic-eabi/lib/armv7e-m/fpu\libc_nano.a(lib_a-sprintf.o)
                              Src\main.o (sprintf)
d:/installed program/truestudio for stm32 9.3.0/armtools/bin/../lib/gcc/arm-atollic-eabi/6.3.1/../../../../arm-atollic-eabi/lib/armv7e-m/fpu\libc_nano.a(lib_a-strlen.o)
                              Modbus\Ringbuf\ul_RingBuffer.o (strlen)
d:/installed program/truestudio for stm32 9.3.0/armtools/bin/../lib/gcc/arm-atollic-eabi/6.3.1/../../../../arm-atollic-eabi/lib/armv7e-m/fpu\libc_nano.a(lib_a-nano-svfprintf.o)
                              d:/installed program/truestudio for stm32 9.3.0/armtools/bin/../lib/gcc/arm-atollic-eabi/6.3.1/../../../../arm-atollic-eabi/lib/armv7e-m/fpu\libc_nano.a(lib_a-sprintf.o) (_svfprintf_r)
d:/installed program/truestudio for stm32 9.3.0/armtools/bin/../lib/gcc/arm-atollic-eabi/6.3.1/../../../../arm-atollic-eabi/lib/armv7e-m/fpu\libc_nano.a(lib_a-nano-vfprintf_i.o)
                              d:/installed program/truestudio for stm32 9.3.0/armtools/bin/../lib/gcc/arm-atollic-eabi/6.3.1/../../../../arm-atollic-eabi/lib/armv7e-m/fpu\libc_nano.a(lib_a-nano-svfprintf.o) (_printf_i)
d:/installed program/truestudio for stm32 9.3.0/armtools/bin/../lib/gcc/arm-atollic-eabi/6.3.1/../../../../arm-atollic-eabi/lib/armv7e-m/fpu\libc_nano.a(lib_a-memchr.o)
                              d:/installed program/truestudio for stm32 9.3.0/armtools/bin/../lib/gcc/arm-atollic-eabi/6.3.1/../../../../arm-atollic-eabi/lib/armv7e-m/fpu\libc_nano.a(lib_a-nano-svfprintf.o) (memchr)
d:/installed program/truestudio for stm32 9.3.0/armtools/bin/../lib/gcc/arm-atollic-eabi/6.3.1/../../../../arm-atollic-eabi/lib/armv7e-m/fpu\libc_nano.a(lib_a-memmove.o)
                              d:/installed program/truestudio for stm32 9.3.0/armtools/bin/../lib/gcc/arm-atollic-eabi/6.3.1/../../../../arm-atollic-eabi/lib/armv7e-m/fpu\libc_nano.a(lib_a-nano-svfprintf.o) (memmove)
d:/installed program/truestudio for stm32 9.3.0/armtools/bin/../lib/gcc/arm-atollic-eabi/6.3.1/../../../../arm-atollic-eabi/lib/armv7e-m/fpu\libc_nano.a(lib_a-nano-freer.o)
                              d:/installed program/truestudio for stm32 9.3.0/armtools/bin/../lib/gcc/arm-atollic-eabi/6.3.1/../../../../arm-atollic-eabi/lib/armv7e-m/fpu\libc_nano.a(lib_a-nano-svfprintf.o) (_free_r)
d:/installed program/truestudio for stm32 9.3.0/armtools/bin/../lib/gcc/arm-atollic-eabi/6.3.1/../../../../arm-atollic-eabi/lib/armv7e-m/fpu\libc_nano.a(lib_a-nano-mallocr.o)
                              d:/installed program/truestudio for stm32 9.3.0/armtools/bin/../lib/gcc/arm-atollic-eabi/6.3.1/../../../../arm-atollic-eabi/lib/armv7e-m/fpu\libc_nano.a(lib_a-nano-svfprintf.o) (_malloc_r)
d:/installed program/truestudio for stm32 9.3.0/armtools/bin/../lib/gcc/arm-atollic-eabi/6.3.1/../../../../arm-atollic-eabi/lib/armv7e-m/fpu\libc_nano.a(lib_a-nano-reallocr.o)
                              d:/installed program/truestudio for stm32 9.3.0/armtools/bin/../lib/gcc/arm-atollic-eabi/6.3.1/../../../../arm-atollic-eabi/lib/armv7e-m/fpu\libc_nano.a(lib_a-nano-svfprintf.o) (_realloc_r)
d:/installed program/truestudio for stm32 9.3.0/armtools/bin/../lib/gcc/arm-atollic-eabi/6.3.1/../../../../arm-atollic-eabi/lib/armv7e-m/fpu\libc_nano.a(lib_a-sbrkr.o)
                              d:/installed program/truestudio for stm32 9.3.0/armtools/bin/../lib/gcc/arm-atollic-eabi/6.3.1/../../../../arm-atollic-eabi/lib/armv7e-m/fpu\libc_nano.a(lib_a-nano-mallocr.o) (_sbrk_r)
[...]
Memory Configuration

Name             Origin             Length             Attributes
RAM              0x20000000         0x00018000         xrw
FLASH            0x08000000         0x00080000         xr
*default*        0x00000000         0xffffffff

Linker script and memory map

LOAD d:/installed program/truestudio for stm32 9.3.0/armtools/bin/../lib/gcc/arm-atollic-eabi/6.3.1/armv7e-m/fpu/crti.o
LOAD d:/installed program/truestudio for stm32 9.3.0/armtools/bin/../lib/gcc/arm-atollic-eabi/6.3.1/armv7e-m/fpu/crtbegin.o
LOAD Drivers\STM32F4xx_HAL_Driver\Src\stm32f4xx_hal.o
LOAD Drivers\STM32F4xx_HAL_Driver\Src\stm32f4xx_hal_cortex.o
LOAD Drivers\STM32F4xx_HAL_Driver\Src\stm32f4xx_hal_dma.o
LOAD Drivers\STM32F4xx_HAL_Driver\Src\stm32f4xx_hal_dma_ex.o
LOAD Drivers\STM32F4xx_HAL_Driver\Src\stm32f4xx_hal_exti.o
LOAD Drivers\STM32F4xx_HAL_Driver\Src\stm32f4xx_hal_flash.o
LOAD Drivers\STM32F4xx_HAL_Driver\Src\stm32f4xx_hal_flash_ex.o
LOAD Drivers\STM32F4xx_HAL_Driver\Src\stm32f4xx_hal_flash_ramfunc.o
LOAD Drivers\STM32F4xx_HAL_Driver\Src\stm32f4xx_hal_gpio.o
LOAD Drivers\STM32F4xx_HAL_Driver\Src\stm32f4xx_hal_pwr.o
LOAD Drivers\STM32F4xx_HAL_Driver\Src\stm32f4xx_hal_pwr_ex.o
LOAD Drivers\STM32F4xx_HAL_Driver\Src\stm32f4xx_hal_rcc.o
LOAD Drivers\STM32F4xx_HAL_Driver\Src\stm32f4xx_hal_rcc_ex.o
LOAD Drivers\STM32F4xx_HAL_Driver\Src\stm32f4xx_hal_tim.o
LOAD Drivers\STM32F4xx_HAL_Driver\Src\stm32f4xx_hal_tim_ex.o
LOAD Drivers\STM32F4xx_HAL_Driver\Src\stm32f4xx_hal_uart.o
LOAD Modbus\RTU\modbus_RTU.o
LOAD Modbus\Ringbuf\ul_RingBuffer.o
LOAD Modbus\modbus.o
LOAD Src\main.o
LOAD Src\stm32f4xx_hal_msp.o
LOAD Src\stm32f4xx_it.o
LOAD Src\syscalls.o
LOAD Src\system_stm32f4xx.o
LOAD startup\startup_stm32f401xe.o
                0x00000080                malloc_getpagesize_P = 0x80
START GROUP
LOAD d:/installed program/truestudio for stm32 9.3.0/armtools/bin/../lib/gcc/arm-atollic-eabi/6.3.1/../../../../arm-atollic-eabi/lib/armv7e-m/fpu\libc_nano.a
LOAD d:/installed program/truestudio for stm32 9.3.0/armtools/bin/../lib/gcc/arm-atollic-eabi/6.3.1/../../../../arm-atollic-eabi/lib/armv7e-m/fpu\libm.a
END GROUP
START GROUP
LOAD d:/installed program/truestudio for stm32 9.3.0/armtools/bin/../lib/gcc/arm-atollic-eabi/6.3.1/armv7e-m/fpu\libgcc.a
LOAD d:/installed program/truestudio for stm32 9.3.0/armtools/bin/../lib/gcc/arm-atollic-eabi/6.3.1/../../../../arm-atollic-eabi/lib/armv7e-m/fpu\libc_nano.a
END GROUP
START GROUP
LOAD d:/installed program/truestudio for stm32 9.3.0/armtools/bin/../lib/gcc/arm-atollic-eabi/6.3.1/armv7e-m/fpu\libgcc.a
LOAD d:/installed program/truestudio for stm32 9.3.0/armtools/bin/../lib/gcc/arm-atollic-eabi/6.3.1/../../../../arm-atollic-eabi/lib/armv7e-m/fpu\libc_nano.a
LOAD d:/installed program/truestudio for stm32 9.3.0/armtools/bin/../lib/gcc/arm-atollic-eabi/6.3.1/../../../../arm-atollic-eabi/lib/armv7e-m/fpu\libnosys.a
END GROUP
START GROUP
LOAD d:/installed program/truestudio for stm32 9.3.0/armtools/bin/../lib/gcc/arm-atollic-eabi/6.3.1/armv7e-m/fpu\libgcc.a
LOAD d:/installed program/truestudio for stm32 9.3.0/armtools/bin/../lib/gcc/arm-atollic-eabi/6.3.1/../../../../arm-atollic-eabi/lib/armv7e-m/fpu\libc_nano.a
LOAD d:/installed program/truestudio for stm32 9.3.0/armtools/bin/../lib/gcc/arm-atollic-eabi/6.3.1/../../../../arm-atollic-eabi/lib/armv7e-m/fpu\libnosys.a
END GROUP
LOAD d:/installed program/truestudio for stm32 9.3.0/armtools/bin/../lib/gcc/arm-atollic-eabi/6.3.1/armv7e-m/fpu/crtend.o
LOAD d:/installed program/truestudio for stm32 9.3.0/armtools/bin/../lib/gcc/arm-atollic-eabi/6.3.1/armv7e-m/fpu/crtn.o
                0x20018000                _estack = 0x20018000
                0x00000600                _Min_Heap_Size = 0x600
                0x00000800                _Min_Stack_Size = 0x800

.isr_vector     0x08000000      0x194
                0x08000000                . = ALIGN (0x4)
 *(.isr_vector)
 .isr_vector    0x08000000      0x194 startup\startup_stm32f401xe.o
                0x08000000                g_pfnVectors
                0x08000194                . = ALIGN (0x4)

.text           0x080001a0     0x1b2c
                0x080001a0                . = ALIGN (0x4)
 *(.text)
 .text          0x080001a0       0x40 d:/installed program/truestudio for stm32 9.3.0/armtools/bin/../lib/gcc/arm-atollic-eabi/6.3.1/armv7e-m/fpu/crtbegin.o
 .text          0x080001e0       0x10 d:/installed program/truestudio for stm32 9.3.0/armtools/bin/../lib/gcc/arm-atollic-eabi/6.3.1/../../../../arm-atollic-eabi/lib/armv7e-m/fpu\libc_nano.a(lib_a-strlen.o)
                0x080001e0                strlen
 .text          0x080001f0       0xa0 d:/installed program/truestudio for stm32 9.3.0/armtools/bin/../lib/gcc/arm-atollic-eabi/6.3.1/../../../../arm-atollic-eabi/lib/armv7e-m/fpu\libc_nano.a(lib_a-memchr.o)
                0x080001f0                memchr
 .text          0x08000290       0x30 d:/installed program/truestudio for stm32 9.3.0/armtools/bin/../lib/gcc/arm-atollic-eabi/6.3.1/armv7e-m/fpu\libgcc.a(_aeabi_uldivmod.o)
                0x08000290                __aeabi_uldivmod
 .text          0x080002c0      0x2dc d:/installed program/truestudio for stm32 9.3.0/armtools/bin/../lib/gcc/arm-atollic-eabi/6.3.1/armv7e-m/fpu\libgcc.a(_udivmoddi4.o)
                0x080002c0                __udivmoddi4
 .text          0x0800059c        0x4 d:/installed program/truestudio for stm32 9.3.0/armtools/bin/../lib/gcc/arm-atollic-eabi/6.3.1/armv7e-m/fpu\libgcc.a(_dvmd_tls.o)
                0x0800059c                __aeabi_idiv0
                0x0800059c                __aeabi_ldiv0
 *(.text*)
 .text.HAL_InitTick
                0x080005a0       0x48 Drivers\STM32F4xx_HAL_Driver\Src\stm32f4xx_hal.o
                0x080005a0                HAL_InitTick
 .text.HAL_Init
                0x080005e8       0x34 Drivers\STM32F4xx_HAL_Driver\Src\stm32f4xx_hal.o
                0x080005e8                HAL_Init
 .text.HAL_IncTick
                0x0800061c       0x18 Drivers\STM32F4xx_HAL_Driver\Src\stm32f4xx_hal.o
                0x0800061c                HAL_IncTick
 .text.HAL_GetTick
                0x08000634        0xc Drivers\STM32F4xx_HAL_Driver\Src\stm32f4xx_hal.o
                0x08000634                HAL_GetTick
 .text.HAL_NVIC_SetPriorityGrouping
                0x08000640       0x24 Drivers\STM32F4xx_HAL_Driver\Src\stm32f4xx_hal_cortex.o
                0x08000640                HAL_NVIC_SetPriorityGrouping
 .text.HAL_NVIC_SetPriority
                0x08000664       0x68 Drivers\STM32F4xx_HAL_Driver\Src\stm32f4xx_hal_cortex.o
                0x08000664                HAL_NVIC_SetPriority
 .text.HAL_SYSTICK_Config
                0x080006cc       0x2c Drivers\STM32F4xx_HAL_Driver\Src\stm32f4xx_hal_cortex.o
                0x080006cc                HAL_SYSTICK_Config
 .text.HAL_GPIO_Init
                0x080006f8      0x19c Drivers\STM32F4xx_HAL_Driver\Src\stm32f4xx_hal_gpio.o
                0x080006f8                HAL_GPIO_Init
 .text.HAL_GPIO_WritePin
                0x08000894        0xa Drivers\STM32F4xx_HAL_Driver\Src\stm32f4xx_hal_gpio.o
                0x08000894                HAL_GPIO_WritePin
 *fill*         0x0800089e        0x2 
 .text.HAL_RCC_OscConfig
                0x080008a0      0x34c Drivers\STM32F4xx_HAL_Driver\Src\stm32f4xx_hal_rcc.o
                0x080008a0                HAL_RCC_OscConfig
 .text.HAL_RCC_GetSysClockFreq
                0x08000bec       0x5c Drivers\STM32F4xx_HAL_Driver\Src\stm32f4xx_hal_rcc.o
                0x08000bec                HAL_RCC_GetSysClockFreq
 .text.HAL_RCC_ClockConfig
                0x08000c48      0x138 Drivers\STM32F4xx_HAL_Driver\Src\stm32f4xx_hal_rcc.o
                0x08000c48                HAL_RCC_ClockConfig
 .text.HAL_RCC_GetPCLK1Freq
                0x08000d80       0x20 Drivers\STM32F4xx_HAL_Driver\Src\stm32f4xx_hal_rcc.o
                0x08000d80                HAL_RCC_GetPCLK1Freq
 .text.HAL_RCC_GetPCLK2Freq
                0x08000da0       0x20 Drivers\STM32F4xx_HAL_Driver\Src\stm32f4xx_hal_rcc.o
                0x08000da0                HAL_RCC_GetPCLK2Freq
 .text.UART_SetConfig
                0x08000dc0       0xdc Drivers\STM32F4xx_HAL_Driver\Src\stm32f4xx_hal_uart.o
 .text.UART_WaitOnFlagUntilTimeout.constprop.3
                0x08000e9c       0x50 Drivers\STM32F4xx_HAL_Driver\Src\stm32f4xx_hal_uart.o
 .text.HAL_UART_Init
                0x08000eec       0x5c Drivers\STM32F4xx_HAL_Driver\Src\stm32f4xx_hal_uart.o
                0x08000eec                HAL_UART_Init
 .text.HAL_UART_Transmit
                0x08000f48       0xbe Drivers\STM32F4xx_HAL_Driver\Src\stm32f4xx_hal_uart.o
                0x08000f48                HAL_UART_Transmit
 .text.MBRTU_WriteSingleRegister
                0x08001006        0x4 Modbus\RTU\modbus_RTU.o
                0x08001006                MBRTU_WriteSingleRegister
 .text.MBRTU_ReadSingleRegister
                0x0800100a        0x4 Modbus\RTU\modbus_RTU.o
                0x0800100a                MBRTU_ReadSingleRegister
 *fill*         0x0800100e        0x2 
 .text.Modbus_Init
                0x08001010       0x30 Modbus\modbus.o
                0x08001010                Modbus_Init
 .text.Modbus_OperationDoneClbk
                0x08001040        0x6 Modbus\modbus.o
                0x08001040                Modbus_OperationDoneClbk
 .text.Modbus_WriteSingleRegister
                0x08001046       0x20 Modbus\modbus.o
                0x08001046                Modbus_WriteSingleRegister
 .text.Modbus_ReadSingleRegister
                0x08001066       0x20 Modbus\modbus.o
                0x08001066                Modbus_ReadSingleRegister
 *fill*         0x08001086        0x2 
 .text.SystemClock_Config
                0x08001088       0x94 Src\main.o
                0x08001088                SystemClock_Config
 .text.startup.main
                0x0800111c      0x1a0 Src\main.o
                0x0800111c                main
 .text.HAL_MspInit
                0x080012bc       0x38 Src\stm32f4xx_hal_msp.o
                0x080012bc                HAL_MspInit
 .text.HAL_UART_MspInit
                0x080012f4       0x68 Src\stm32f4xx_hal_msp.o
                0x080012f4                HAL_UART_MspInit
 .text.NMI_Handler
                0x0800135c        0x2 Src\stm32f4xx_it.o
                0x0800135c                NMI_Handler
 .text.HardFault_Handler
                0x0800135e        0x2 Src\stm32f4xx_it.o
                0x0800135e                HardFault_Handler
 .text.MemManage_Handler
                0x08001360        0x2 Src\stm32f4xx_it.o
                0x08001360                MemManage_Handler
 .text.BusFault_Handler
                0x08001362        0x2 Src\stm32f4xx_it.o
                0x08001362                BusFault_Handler
 .text.UsageFault_Handler
                0x08001364        0x2 Src\stm32f4xx_it.o
                0x08001364                UsageFault_Handler
 .text.SVC_Handler
                0x08001366        0x2 Src\stm32f4xx_it.o
                0x08001366                SVC_Handler
 .text.DebugMon_Handler
                0x08001368        0x2 Src\stm32f4xx_it.o
                0x08001368                DebugMon_Handler
 .text.PendSV_Handler
                0x0800136a        0x2 Src\stm32f4xx_it.o
                0x0800136a                PendSV_Handler
 .text.SysTick_Handler
                0x0800136c        0x4 Src\stm32f4xx_it.o
                0x0800136c                SysTick_Handler
 .text._sbrk    0x08001370       0x34 Src\syscalls.o
                0x08001370                _sbrk
 .text.SystemInit
                0x080013a4       0x1c Src\system_stm32f4xx.o
                0x080013a4                SystemInit
 .text.Reset_Handler
                0x080013c0       0x50 startup\startup_stm32f401xe.o
                0x080013c0                Reset_Handler
 .text.Default_Handler
                0x08001410        0x2 startup\startup_stm32f401xe.o
                0x08001410                RTC_Alarm_IRQHandler
                0x08001410                EXTI2_IRQHandler
                0x08001410                SPI4_IRQHandler
                0x08001410                TIM1_CC_IRQHandler
                0x08001410                DMA2_Stream5_IRQHandler
                0x08001410                DMA1_Stream5_IRQHandler
                0x08001410                PVD_IRQHandler
                0x08001410                SDIO_IRQHandler
                0x08001410                TAMP_STAMP_IRQHandler
                0x08001410                EXTI3_IRQHandler
                0x08001410                TIM1_UP_TIM10_IRQHandler
                0x08001410                I2C3_ER_IRQHandler
                0x08001410                EXTI0_IRQHandler
                0x08001410                I2C2_EV_IRQHandler
                0x08001410                DMA1_Stream2_IRQHandler
                0x08001410                FPU_IRQHandler
                0x08001410                DMA2_Stream2_IRQHandler
                0x08001410                SPI1_IRQHandler
                0x08001410                TIM1_BRK_TIM9_IRQHandler
                0x08001410                DMA2_Stream3_IRQHandler
                0x08001410                USART6_IRQHandler
                0x08001410                DMA2_Stream0_IRQHandler
                0x08001410                TIM4_IRQHandler
                0x08001410                I2C1_EV_IRQHandler
                0x08001410                DMA1_Stream6_IRQHandler
                0x08001410                DMA1_Stream1_IRQHandler
                0x08001410                TIM3_IRQHandler
                0x08001410                RCC_IRQHandler
                0x08001410                Default_Handler
                0x08001410                EXTI15_10_IRQHandler
                0x08001410                ADC_IRQHandler
                0x08001410                DMA1_Stream7_IRQHandler
                0x08001410                TIM5_IRQHandler
                0x08001410                DMA2_Stream7_IRQHandler
                0x08001410                I2C3_EV_IRQHandler
                0x08001410                EXTI9_5_IRQHandler
                0x08001410                RTC_WKUP_IRQHandler
                0x08001410                SPI2_IRQHandler
                0x08001410                DMA1_Stream0_IRQHandler
                0x08001410                EXTI4_IRQHandler
                0x08001410                WWDG_IRQHandler
                0x08001410                TIM2_IRQHandler
                0x08001410                OTG_FS_WKUP_IRQHandler
                0x08001410                TIM1_TRG_COM_TIM11_IRQHandler
                0x08001410                EXTI1_IRQHandler
                0x08001410                USART2_IRQHandler
                0x08001410                I2C2_ER_IRQHandler
                0x08001410                DMA2_Stream1_IRQHandler
                0x08001410                FLASH_IRQHandler
                0x08001410                DMA2_Stream4_IRQHandler
                0x08001410                USART1_IRQHandler
                0x08001410                OTG_FS_IRQHandler
                0x08001410                SPI3_IRQHandler
                0x08001410                DMA1_Stream4_IRQHandler
                0x08001410                I2C1_ER_IRQHandler
                0x08001410                DMA2_Stream6_IRQHandler
                0x08001410                DMA1_Stream3_IRQHandler
 *fill*         0x08001412        0x2 
 .text.__errno  0x08001414        0xc d:/installed program/truestudio for stm32 9.3.0/armtools/bin/../lib/gcc/arm-atollic-eabi/6.3.1/../../../../arm-atollic-eabi/lib/armv7e-m/fpu\libc_nano.a(lib_a-errno.o)
                0x08001414                __errno
 .text.__libc_init_array
                0x08001420       0x48 d:/installed program/truestudio for stm32 9.3.0/armtools/bin/../lib/gcc/arm-atollic-eabi/6.3.1/../../../../arm-atollic-eabi/lib/armv7e-m/fpu\libc_nano.a(lib_a-init.o)
                0x08001420                __libc_init_array
 .text.memcpy   0x08001468       0x16 d:/installed program/truestudio for stm32 9.3.0/armtools/bin/../lib/gcc/arm-atollic-eabi/6.3.1/../../../../arm-atollic-eabi/lib/armv7e-m/fpu\libc_nano.a(lib_a-memcpy-stub.o)
                0x08001468                memcpy
 .text.memset   0x0800147e       0x10 d:/installed program/truestudio for stm32 9.3.0/armtools/bin/../lib/gcc/arm-atollic-eabi/6.3.1/../../../../arm-atollic-eabi/lib/armv7e-m/fpu\libc_nano.a(lib_a-memset.o)
                0x0800147e                memset
 *fill*         0x0800148e        0x2 
 .text.sprintf  0x08001490       0x48 d:/installed program/truestudio for stm32 9.3.0/armtools/bin/../lib/gcc/arm-atollic-eabi/6.3.1/../../../../arm-atollic-eabi/lib/armv7e-m/fpu\libc_nano.a(lib_a-sprintf.o)
                0x08001490                siprintf
                0x08001490                sprintf
 .text.__ssputs_r
                0x080014d8       0xb6 d:/installed program/truestudio for stm32 9.3.0/armtools/bin/../lib/gcc/arm-atollic-eabi/6.3.1/../../../../arm-atollic-eabi/lib/armv7e-m/fpu\libc_nano.a(lib_a-nano-svfprintf.o)
                0x080014d8                __ssputs_r
 *fill*         0x0800158e        0x2 
 .text._svfprintf_r
                0x08001590      0x1e8 d:/installed program/truestudio for stm32 9.3.0/armtools/bin/../lib/gcc/arm-atollic-eabi/6.3.1/../../../../arm-atollic-eabi/lib/armv7e-m/fpu\libc_nano.a(lib_a-nano-svfprintf.o)
                0x08001590                _svfiprintf_r
                0x08001590                _svfprintf_r
 .text._printf_common
                0x08001778       0xec d:/installed program/truestudio for stm32 9.3.0/armtools/bin/../lib/gcc/arm-atollic-eabi/6.3.1/../../../../arm-atollic-eabi/lib/armv7e-m/fpu\libc_nano.a(lib_a-nano-vfprintf_i.o)
                0x08001778                _printf_common
 .text._printf_i
                0x08001864      0x240 d:/installed program/truestudio for stm32 9.3.0/armtools/bin/../lib/gcc/arm-atollic-eabi/6.3.1/../../../../arm-atollic-eabi/lib/armv7e-m/fpu\libc_nano.a(lib_a-nano-vfprintf_i.o)
                0x08001864                _printf_i
 .text.memmove  0x08001aa4       0x34 d:/installed program/truestudio for stm32 9.3.0/armtools/bin/../lib/gcc/arm-atollic-eabi/6.3.1/../../../../arm-atollic-eabi/lib/armv7e-m/fpu\libc_nano.a(lib_a-memmove.o)
                0x08001aa4                memmove
 .text._free_r  0x08001ad8       0x9c d:/installed program/truestudio for stm32 9.3.0/armtools/bin/../lib/gcc/arm-atollic-eabi/6.3.1/../../../../arm-atollic-eabi/lib/armv7e-m/fpu\libc_nano.a(lib_a-nano-freer.o)
                0x08001ad8                _free_r
 .text._malloc_r
                0x08001b74       0xbc d:/installed program/truestudio for stm32 9.3.0/armtools/bin/../lib/gcc/arm-atollic-eabi/6.3.1/../../../../arm-atollic-eabi/lib/armv7e-m/fpu\libc_nano.a(lib_a-nano-mallocr.o)
                0x08001b74                _malloc_r
 .text._realloc_r
                0x08001c30       0x4c d:/installed program/truestudio for stm32 9.3.0/armtools/bin/../lib/gcc/arm-atollic-eabi/6.3.1/../../../../arm-atollic-eabi/lib/armv7e-m/fpu\libc_nano.a(lib_a-nano-reallocr.o)
                0x08001c30                _realloc_r
 .text._sbrk_r  0x08001c7c       0x20 d:/installed program/truestudio for stm32 9.3.0/armtools/bin/../lib/gcc/arm-atollic-eabi/6.3.1/../../../../arm-atollic-eabi/lib/armv7e-m/fpu\libc_nano.a(lib_a-sbrkr.o)
                0x08001c7c                _sbrk_r
 .text.__malloc_lock
                0x08001c9c        0x2 d:/installed program/truestudio for stm32 9.3.0/armtools/bin/../lib/gcc/arm-atollic-eabi/6.3.1/../../../../arm-atollic-eabi/lib/armv7e-m/fpu\libc_nano.a(lib_a-mlock.o)
                0x08001c9c                __malloc_lock
 .text.__malloc_unlock
                0x08001c9e        0x2 d:/installed program/truestudio for stm32 9.3.0/armtools/bin/../lib/gcc/arm-atollic-eabi/6.3.1/../../../../arm-atollic-eabi/lib/armv7e-m/fpu\libc_nano.a(lib_a-mlock.o)
                0x08001c9e                __malloc_unlock
 .text._malloc_usable_size_r
                0x08001ca0       0x12 d:/installed program/truestudio for stm32 9.3.0/armtools/bin/../lib/gcc/arm-atollic-eabi/6.3.1/../../../../arm-atollic-eabi/lib/armv7e-m/fpu\libc_nano.a(lib_a-nano-msizer.o)
                0x08001ca0                _malloc_usable_size_r
 *(.glue_7)
 .glue_7        0x08001cb2        0x0 linker stubs
 *(.glue_7t)
 .glue_7t       0x08001cb2        0x0 linker stubs
 *(.eh_frame)
 *fill*         0x08001cb2        0x2 
 .eh_frame      0x08001cb4        0x0 d:/installed program/truestudio for stm32 9.3.0/armtools/bin/../lib/gcc/arm-atollic-eabi/6.3.1/armv7e-m/fpu/crtbegin.o
 *(.init)
 .init          0x08001cb4        0x4 d:/installed program/truestudio for stm32 9.3.0/armtools/bin/../lib/gcc/arm-atollic-eabi/6.3.1/armv7e-m/fpu/crti.o
                0x08001cb4                _init
 .init          0x08001cb8        0x8 d:/installed program/truestudio for stm32 9.3.0/armtools/bin/../lib/gcc/arm-atollic-eabi/6.3.1/armv7e-m/fpu/crtn.o
 *(.fini)
 .fini          0x08001cc0        0x4 d:/installed program/truestudio for stm32 9.3.0/armtools/bin/../lib/gcc/arm-atollic-eabi/6.3.1/armv7e-m/fpu/crti.o
                0x08001cc0                _fini
 .fini          0x08001cc4        0x8 d:/installed program/truestudio for stm32 9.3.0/armtools/bin/../lib/gcc/arm-atollic-eabi/6.3.1/armv7e-m/fpu/crtn.o
                0x08001ccc                . = ALIGN (0x4)
                0x08001ccc                _etext = .

.vfp11_veneer   0x08001ccc        0x0
 .vfp11_veneer  0x08001ccc        0x0 linker stubs

.v4_bx          0x08001ccc        0x0
 .v4_bx         0x08001ccc        0x0 linker stubs

.iplt           0x08001ccc        0x0
 .iplt          0x08001ccc        0x0 d:/installed program/truestudio for stm32 9.3.0/armtools/bin/../lib/gcc/arm-atollic-eabi/6.3.1/armv7e-m/fpu/crtbegin.o

.rodata         0x08001ccc       0x94
                0x08001ccc                . = ALIGN (0x4)
 *(.rodata)
 *(.rodata*)
 .rodata.main.str1.1
                0x08001ccc       0x47 Src\main.o
 .rodata.AHBPrescTable
                0x08001d13       0x10 Src\system_stm32f4xx.o
                0x08001d13                AHBPrescTable
 .rodata.APBPrescTable
                0x08001d23        0x8 Src\system_stm32f4xx.o
                0x08001d23                APBPrescTable
 .rodata._svfprintf_r.str1.1
                0x08001d2b       0x11 d:/installed program/truestudio for stm32 9.3.0/armtools/bin/../lib/gcc/arm-atollic-eabi/6.3.1/../../../../arm-atollic-eabi/lib/armv7e-m/fpu\libc_nano.a(lib_a-nano-svfprintf.o)
 .rodata._printf_i.str1.1
                0x08001d3c       0x22 d:/installed program/truestudio for stm32 9.3.0/armtools/bin/../lib/gcc/arm-atollic-eabi/6.3.1/../../../../arm-atollic-eabi/lib/armv7e-m/fpu\libc_nano.a(lib_a-nano-vfprintf_i.o)
                0x08001d60                . = ALIGN (0x4)
 *fill*         0x08001d5e        0x2 

.ARM.extab
 *(.ARM.extab* .gnu.linkonce.armextab.*)

.ARM            0x08001d60        0x8
                0x08001d60                __exidx_start = .
 *(.ARM.exidx*)
 .ARM.exidx     0x08001d60        0x8 d:/installed program/truestudio for stm32 9.3.0/armtools/bin/../lib/gcc/arm-atollic-eabi/6.3.1/armv7e-m/fpu\libgcc.a(_udivmoddi4.o)
                0x08001d68                __exidx_end = .

.rel.dyn        0x08001d68        0x0
 .rel.iplt      0x08001d68        0x0 d:/installed program/truestudio for stm32 9.3.0/armtools/bin/../lib/gcc/arm-atollic-eabi/6.3.1/armv7e-m/fpu/crtbegin.o

.preinit_array  0x08001d68        0x0
                0x08001d68                PROVIDE (__preinit_array_start, .)
 *(.preinit_array*)
                0x08001d68                PROVIDE (__preinit_array_end, .)

.init_array     0x08001d68        0x4
                0x08001d68                PROVIDE (__init_array_start, .)
 *(SORT(.init_array.*))
 *(.init_array*)
 .init_array    0x08001d68        0x4 d:/installed program/truestudio for stm32 9.3.0/armtools/bin/../lib/gcc/arm-atollic-eabi/6.3.1/armv7e-m/fpu/crtbegin.o
                0x08001d6c                PROVIDE (__init_array_end, .)

.fini_array     0x08001d6c        0x4
                [!provide]                PROVIDE (__fini_array_start, .)
 *(SORT(.fini_array.*))
 *(.fini_array*)
 .fini_array    0x08001d6c        0x4 d:/installed program/truestudio for stm32 9.3.0/armtools/bin/../lib/gcc/arm-atollic-eabi/6.3.1/armv7e-m/fpu/crtbegin.o
                [!provide]                PROVIDE (__fini_array_end, .)
                0x08001d70                _sidata = LOADADDR (.data)

.data           0x20000000       0x70 load address 0x08001d70
                0x20000000                . = ALIGN (0x4)
                0x20000000                _sdata = .
 *(.data)
 *(.data*)
 .data.uwTickFreq
                0x20000000        0x1 Drivers\STM32F4xx_HAL_Driver\Src\stm32f4xx_hal.o
                0x20000000                uwTickFreq
 *fill*         0x20000001        0x3 
 .data.uwTickPrio
                0x20000004        0x4 Drivers\STM32F4xx_HAL_Driver\Src\stm32f4xx_hal.o
                0x20000004                uwTickPrio
 .data.SystemCoreClock
                0x20000008        0x4 Src\system_stm32f4xx.o
                0x20000008                SystemCoreClock
 .data._impure_ptr
                0x2000000c        0x4 d:/installed program/truestudio for stm32 9.3.0/armtools/bin/../lib/gcc/arm-atollic-eabi/6.3.1/../../../../arm-atollic-eabi/lib/armv7e-m/fpu\libc_nano.a(lib_a-impure.o)
                0x2000000c                _impure_ptr
 .data.impure_data
                0x20000010       0x60 d:/installed program/truestudio for stm32 9.3.0/armtools/bin/../lib/gcc/arm-atollic-eabi/6.3.1/../../../../arm-atollic-eabi/lib/armv7e-m/fpu\libc_nano.a(lib_a-impure.o)
                0x20000070                . = ALIGN (0x4)
                0x20000070                _edata = .

.igot.plt       0x20000070        0x0 load address 0x08001de0
 .igot.plt      0x20000070        0x0 d:/installed program/truestudio for stm32 9.3.0/armtools/bin/../lib/gcc/arm-atollic-eabi/6.3.1/armv7e-m/fpu/crtbegin.o
                0x20000070                . = ALIGN (0x4)

.bss            0x20000070       0x70 load address 0x08001de0
                0x20000070                _sbss = .
                0x20000070                __bss_start__ = _sbss
 *(.bss)
 .bss           0x20000070       0x1c d:/installed program/truestudio for stm32 9.3.0/armtools/bin/../lib/gcc/arm-atollic-eabi/6.3.1/armv7e-m/fpu/crtbegin.o
 *(.bss*)
 .bss.heap_end.7010
                0x2000008c        0x4 Src\syscalls.o
 .bss.__malloc_free_list
                0x20000090        0x4 d:/installed program/truestudio for stm32 9.3.0/armtools/bin/../lib/gcc/arm-atollic-eabi/6.3.1/../../../../arm-atollic-eabi/lib/armv7e-m/fpu\libc_nano.a(lib_a-nano-mallocr.o)
                0x20000090                __malloc_free_list
 .bss.__malloc_sbrk_start
                0x20000094        0x4 d:/installed program/truestudio for stm32 9.3.0/armtools/bin/../lib/gcc/arm-atollic-eabi/6.3.1/../../../../arm-atollic-eabi/lib/armv7e-m/fpu\libc_nano.a(lib_a-nano-mallocr.o)
                0x20000094                __malloc_sbrk_start
 *(COMMON)
 COMMON         0x20000098        0x4 Drivers\STM32F4xx_HAL_Driver\Src\stm32f4xx_hal.o
                0x20000098                uwTick
 COMMON         0x2000009c       0x40 Src\main.o
                0x2000009c                huart2
 COMMON         0x200000dc        0x4 d:/installed program/truestudio for stm32 9.3.0/armtools/bin/../lib/gcc/arm-atollic-eabi/6.3.1/../../../../arm-atollic-eabi/lib/armv7e-m/fpu\libc_nano.a(lib_a-reent.o)
                0x200000dc                errno
                0x200000e0                . = ALIGN (0x4)
                0x200000e0                _ebss = .
                0x200000e0                __bss_end__ = _ebss

._user_heap_stack
                0x200000e0      0xe00 load address 0x08001de0
                0x200000e0                . = ALIGN (0x4)
                0x200000e0                PROVIDE (end, .)
                [!provide]                PROVIDE (_end, .)
                0x200006e0                . = (. + _Min_Heap_Size)
 *fill*         0x200000e0      0x600 
                0x20000ee0                . = (. + _Min_Stack_Size)
 *fill*         0x200006e0      0x800 
                0x20000ee0                . = ALIGN (0x4)

/DISCARD/
 libc.a(*)
 libm.a(*)
 libgcc.a(*)

.ARM.attributes
                0x00000000       0x30
 *(.ARM.attributes)
 .ARM.attributes
                0x00000000       0x22 d:/installed program/truestudio for stm32 9.3.0/armtools/bin/../lib/gcc/arm-atollic-eabi/6.3.1/armv7e-m/fpu/crti.o
 .ARM.attributes
                0x00000022       0x34 d:/installed program/truestudio for stm32 9.3.0/armtools/bin/../lib/gcc/arm-atollic-eabi/6.3.1/armv7e-m/fpu/crtbegin.o
 .ARM.attributes
                0x00000056       0x39 Drivers\STM32F4xx_HAL_Driver\Src\stm32f4xx_hal.o
 .ARM.attributes
                0x0000008f       0x39 Drivers\STM32F4xx_HAL_Driver\Src\stm32f4xx_hal_cortex.o
 .ARM.attributes
                0x000000c8       0x39 Drivers\STM32F4xx_HAL_Driver\Src\stm32f4xx_hal_gpio.o
 .ARM.attributes
                0x00000101       0x39 Drivers\STM32F4xx_HAL_Driver\Src\stm32f4xx_hal_rcc.o
 .ARM.attributes
                0x0000013a       0x39 Drivers\STM32F4xx_HAL_Driver\Src\stm32f4xx_hal_uart.o
 .ARM.attributes
                0x00000173       0x39 Modbus\RTU\modbus_RTU.o
 .ARM.attributes
                0x000001ac       0x39 Modbus\modbus.o
 .ARM.attributes
                0x000001e5       0x39 Src\main.o
 .ARM.attributes
                0x0000021e       0x39 Src\stm32f4xx_hal_msp.o
 .ARM.attributes
                0x00000257       0x39 Src\stm32f4xx_it.o
 .ARM.attributes
                0x00000290       0x39 Src\syscalls.o
 .ARM.attributes
                0x000002c9       0x39 Src\system_stm32f4xx.o
 .ARM.attributes
                0x00000302       0x21 startup\startup_stm32f401xe.o
 .ARM.attributes
                0x00000323       0x34 d:/installed program/truestudio for stm32 9.3.0/armtools/bin/../lib/gcc/arm-atollic-eabi/6.3.1/../../../../arm-atollic-eabi/lib/armv7e-m/fpu\libc_nano.a(lib_a-errno.o)
 .ARM.attributes
                0x00000357       0x34 d:/installed program/truestudio for stm32 9.3.0/armtools/bin/../lib/gcc/arm-atollic-eabi/6.3.1/../../../../arm-atollic-eabi/lib/armv7e-m/fpu\libc_nano.a(lib_a-impure.o)
 .ARM.attributes
                0x0000038b       0x34 d:/installed program/truestudio for stm32 9.3.0/armtools/bin/../lib/gcc/arm-atollic-eabi/6.3.1/../../../../arm-atollic-eabi/lib/armv7e-m/fpu\libc_nano.a(lib_a-init.o)
 .ARM.attributes
                0x000003bf       0x34 d:/installed program/truestudio for stm32 9.3.0/armtools/bin/../lib/gcc/arm-atollic-eabi/6.3.1/../../../../arm-atollic-eabi/lib/armv7e-m/fpu\libc_nano.a(lib_a-memcpy-stub.o)
 .ARM.attributes
                0x000003f3       0x34 d:/installed program/truestudio for stm32 9.3.0/armtools/bin/../lib/gcc/arm-atollic-eabi/6.3.1/../../../../arm-atollic-eabi/lib/armv7e-m/fpu\libc_nano.a(lib_a-memset.o)
 .ARM.attributes
                0x00000427       0x34 d:/installed program/truestudio for stm32 9.3.0/armtools/bin/../lib/gcc/arm-atollic-eabi/6.3.1/../../../../arm-atollic-eabi/lib/armv7e-m/fpu\libc_nano.a(lib_a-sprintf.o)
 .ARM.attributes
                0x0000045b       0x1b d:/installed program/truestudio for stm32 9.3.0/armtools/bin/../lib/gcc/arm-atollic-eabi/6.3.1/../../../../arm-atollic-eabi/lib/armv7e-m/fpu\libc_nano.a(lib_a-strlen.o)
 .ARM.attributes
                0x00000476       0x34 d:/installed program/truestudio for stm32 9.3.0/armtools/bin/../lib/gcc/arm-atollic-eabi/6.3.1/../../../../arm-atollic-eabi/lib/armv7e-m/fpu\libc_nano.a(lib_a-nano-svfprintf.o)
 .ARM.attributes
                0x000004aa       0x34 d:/installed program/truestudio for stm32 9.3.0/armtools/bin/../lib/gcc/arm-atollic-eabi/6.3.1/../../../../arm-atollic-eabi/lib/armv7e-m/fpu\libc_nano.a(lib_a-nano-vfprintf_i.o)
 .ARM.attributes
                0x000004de       0x20 d:/installed program/truestudio for stm32 9.3.0/armtools/bin/../lib/gcc/arm-atollic-eabi/6.3.1/../../../../arm-atollic-eabi/lib/armv7e-m/fpu\libc_nano.a(lib_a-memchr.o)
 .ARM.attributes
                0x000004fe       0x34 d:/installed program/truestudio for stm32 9.3.0/armtools/bin/../lib/gcc/arm-atollic-eabi/6.3.1/../../../../arm-atollic-eabi/lib/armv7e-m/fpu\libc_nano.a(lib_a-memmove.o)
 .ARM.attributes
                0x00000532       0x34 d:/installed program/truestudio for stm32 9.3.0/armtools/bin/../lib/gcc/arm-atollic-eabi/6.3.1/../../../../arm-atollic-eabi/lib/armv7e-m/fpu\libc_nano.a(lib_a-nano-freer.o)
 .ARM.attributes
                0x00000566       0x34 d:/installed program/truestudio for stm32 9.3.0/armtools/bin/../lib/gcc/arm-atollic-eabi/6.3.1/../../../../arm-atollic-eabi/lib/armv7e-m/fpu\libc_nano.a(lib_a-nano-mallocr.o)
 .ARM.attributes
                0x0000059a       0x34 d:/installed program/truestudio for stm32 9.3.0/armtools/bin/../lib/gcc/arm-atollic-eabi/6.3.1/../../../../arm-atollic-eabi/lib/armv7e-m/fpu\libc_nano.a(lib_a-nano-reallocr.o)
 .ARM.attributes
                0x000005ce       0x34 d:/installed program/truestudio for stm32 9.3.0/armtools/bin/../lib/gcc/arm-atollic-eabi/6.3.1/../../../../arm-atollic-eabi/lib/armv7e-m/fpu\libc_nano.a(lib_a-sbrkr.o)
 .ARM.attributes
                0x00000602       0x34 d:/installed program/truestudio for stm32 9.3.0/armtools/bin/../lib/gcc/arm-atollic-eabi/6.3.1/../../../../arm-atollic-eabi/lib/armv7e-m/fpu\libc_nano.a(lib_a-mlock.o)
 .ARM.attributes
                0x00000636       0x34 d:/installed program/truestudio for stm32 9.3.0/armtools/bin/../lib/gcc/arm-atollic-eabi/6.3.1/../../../../arm-atollic-eabi/lib/armv7e-m/fpu\libc_nano.a(lib_a-nano-msizer.o)
 .ARM.attributes
                0x0000066a       0x34 d:/installed program/truestudio for stm32 9.3.0/armtools/bin/../lib/gcc/arm-atollic-eabi/6.3.1/../../../../arm-atollic-eabi/lib/armv7e-m/fpu\libc_nano.a(lib_a-reent.o)
 .ARM.attributes
                0x0000069e       0x22 d:/installed program/truestudio for stm32 9.3.0/armtools/bin/../lib/gcc/arm-atollic-eabi/6.3.1/armv7e-m/fpu\libgcc.a(_aeabi_uldivmod.o)
 .ARM.attributes
                0x000006c0       0x34 d:/installed program/truestudio for stm32 9.3.0/armtools/bin/../lib/gcc/arm-atollic-eabi/6.3.1/armv7e-m/fpu\libgcc.a(_udivmoddi4.o)
 .ARM.attributes
                0x000006f4       0x22 d:/installed program/truestudio for stm32 9.3.0/armtools/bin/../lib/gcc/arm-atollic-eabi/6.3.1/armv7e-m/fpu\libgcc.a(_dvmd_tls.o)
 .ARM.attributes
                0x00000716       0x22 d:/installed program/truestudio for stm32 9.3.0/armtools/bin/../lib/gcc/arm-atollic-eabi/6.3.1/armv7e-m/fpu/crtn.o
OUTPUT(Modbus.elf elf32-littlearm)

.debug_info     0x00000000     0x81cb
 .debug_info    0x00000000      0x9a2 Drivers\STM32F4xx_HAL_Driver\Src\stm32f4xx_hal.o
 .debug_info    0x000009a2      0xef4 Drivers\STM32F4xx_HAL_Driver\Src\stm32f4xx_hal_cortex.o
 .debug_info    0x00001896      0x7ed Drivers\STM32F4xx_HAL_Driver\Src\stm32f4xx_hal_gpio.o
 .debug_info    0x00002083      0xad7 Drivers\STM32F4xx_HAL_Driver\Src\stm32f4xx_hal_rcc.o
 .debug_info    0x00002b5a     0x16a8 Drivers\STM32F4xx_HAL_Driver\Src\stm32f4xx_hal_uart.o
 .debug_info    0x00004202      0x158 Modbus\RTU\modbus_RTU.o
 .debug_info    0x0000435a      0x369 Modbus\modbus.o
 .debug_info    0x000046c3     0x1951 Src\main.o
 .debug_info    0x00006014      0x9d6 Src\stm32f4xx_hal_msp.o
 .debug_info    0x000069ea      0x20d Src\stm32f4xx_it.o
 .debug_info    0x00006bf7      0xfe1 Src\syscalls.o
 .debug_info    0x00007bd8      0x585 Src\system_stm32f4xx.o
 .debug_info    0x0000815d       0x6e startup\startup_stm32f401xe.o

.debug_abbrev   0x00000000     0x1925
 .debug_abbrev  0x00000000      0x264 Drivers\STM32F4xx_HAL_Driver\Src\stm32f4xx_hal.o
 .debug_abbrev  0x00000264      0x314 Drivers\STM32F4xx_HAL_Driver\Src\stm32f4xx_hal_cortex.o
 .debug_abbrev  0x00000578      0x1ef Drivers\STM32F4xx_HAL_Driver\Src\stm32f4xx_hal_gpio.o
 .debug_abbrev  0x00000767      0x2cb Drivers\STM32F4xx_HAL_Driver\Src\stm32f4xx_hal_rcc.o
 .debug_abbrev  0x00000a32      0x322 Drivers\STM32F4xx_HAL_Driver\Src\stm32f4xx_hal_uart.o
 .debug_abbrev  0x00000d54       0xa6 Modbus\RTU\modbus_RTU.o
 .debug_abbrev  0x00000dfa      0x145 Modbus\modbus.o
 .debug_abbrev  0x00000f3f      0x2fb Src\main.o
 .debug_abbrev  0x0000123a      0x1c8 Src\stm32f4xx_hal_msp.o
 .debug_abbrev  0x00001402      0x112 Src\stm32f4xx_it.o
 .debug_abbrev  0x00001514      0x2d9 Src\syscalls.o
 .debug_abbrev  0x000017ed      0x126 Src\system_stm32f4xx.o
 .debug_abbrev  0x00001913       0x12 startup\startup_stm32f401xe.o

.debug_loc      0x00000000     0x2762
 .debug_loc     0x00000000      0x12e Drivers\STM32F4xx_HAL_Driver\Src\stm32f4xx_hal.o
 .debug_loc     0x0000012e      0x4fb Drivers\STM32F4xx_HAL_Driver\Src\stm32f4xx_hal_cortex.o
 .debug_loc     0x00000629      0x337 Drivers\STM32F4xx_HAL_Driver\Src\stm32f4xx_hal_gpio.o
 .debug_loc     0x00000960      0x346 Drivers\STM32F4xx_HAL_Driver\Src\stm32f4xx_hal_rcc.o
 .debug_loc     0x00000ca6     0x1350 Drivers\STM32F4xx_HAL_Driver\Src\stm32f4xx_hal_uart.o
 .debug_loc     0x00001ff6       0x21 Modbus\RTU\modbus_RTU.o
 .debug_loc     0x00002017      0x1b4 Modbus\modbus.o
 .debug_loc     0x000021cb       0x34 Src\main.o
 .debug_loc     0x000021ff       0x58 Src\stm32f4xx_hal_msp.o
 .debug_loc     0x00002257      0x3ef Src\syscalls.o
 .debug_loc     0x00002646      0x11c Src\system_stm32f4xx.o

.debug_aranges  0x00000000      0x5e0
 .debug_aranges
                0x00000000       0xe8 Drivers\STM32F4xx_HAL_Driver\Src\stm32f4xx_hal.o
 .debug_aranges
                0x000000e8       0xa8 Drivers\STM32F4xx_HAL_Driver\Src\stm32f4xx_hal_cortex.o
 .debug_aranges
                0x00000190       0x58 Drivers\STM32F4xx_HAL_Driver\Src\stm32f4xx_hal_gpio.o
 .debug_aranges
                0x000001e8       0x88 Drivers\STM32F4xx_HAL_Driver\Src\stm32f4xx_hal_rcc.o
 .debug_aranges
                0x00000270      0x170 Drivers\STM32F4xx_HAL_Driver\Src\stm32f4xx_hal_uart.o
 .debug_aranges
                0x000003e0       0x20 Modbus\RTU\modbus_RTU.o
 .debug_aranges
                0x00000400       0x38 Modbus\modbus.o
 .debug_aranges
                0x00000438       0x30 Src\main.o
 .debug_aranges
                0x00000468       0x30 Src\stm32f4xx_hal_msp.o
 .debug_aranges
                0x00000498       0x48 Src\stm32f4xx_it.o
 .debug_aranges
                0x000004e0       0xb0 Src\syscalls.o
 .debug_aranges
                0x00000590       0x28 Src\system_stm32f4xx.o
 .debug_aranges
                0x000005b8       0x28 startup\startup_stm32f401xe.o

.debug_ranges   0x00000000      0x6d0
 .debug_ranges  0x00000000       0xd8 Drivers\STM32F4xx_HAL_Driver\Src\stm32f4xx_hal.o
 .debug_ranges  0x000000d8      0x128 Drivers\STM32F4xx_HAL_Driver\Src\stm32f4xx_hal_cortex.o
 .debug_ranges  0x00000200       0x68 Drivers\STM32F4xx_HAL_Driver\Src\stm32f4xx_hal_gpio.o
 .debug_ranges  0x00000268       0xb0 Drivers\STM32F4xx_HAL_Driver\Src\stm32f4xx_hal_rcc.o
 .debug_ranges  0x00000318      0x178 Drivers\STM32F4xx_HAL_Driver\Src\stm32f4xx_hal_uart.o
 .debug_ranges  0x00000490       0x10 Modbus\RTU\modbus_RTU.o
 .debug_ranges  0x000004a0       0x28 Modbus\modbus.o
 .debug_ranges  0x000004c8       0xc0 Src\main.o
 .debug_ranges  0x00000588       0x38 Src\stm32f4xx_hal_msp.o
 .debug_ranges  0x000005c0       0x38 Src\stm32f4xx_it.o
 .debug_ranges  0x000005f8       0xa0 Src\syscalls.o
 .debug_ranges  0x00000698       0x18 Src\system_stm32f4xx.o
 .debug_ranges  0x000006b0       0x20 startup\startup_stm32f401xe.o

.debug_line     0x00000000     0x2dd9
 .debug_line    0x00000000      0x40c Drivers\STM32F4xx_HAL_Driver\Src\stm32f4xx_hal.o
 .debug_line    0x0000040c      0x455 Drivers\STM32F4xx_HAL_Driver\Src\stm32f4xx_hal_cortex.o
 .debug_line    0x00000861      0x3c4 Drivers\STM32F4xx_HAL_Driver\Src\stm32f4xx_hal_gpio.o
 .debug_line    0x00000c25      0x506 Drivers\STM32F4xx_HAL_Driver\Src\stm32f4xx_hal_rcc.o
 .debug_line    0x0000112b      0xb81 Drivers\STM32F4xx_HAL_Driver\Src\stm32f4xx_hal_uart.o
 .debug_line    0x00001cac      0x139 Modbus\RTU\modbus_RTU.o
 .debug_line    0x00001de5      0x175 Modbus\modbus.o
 .debug_line    0x00001f5a      0x405 Src\main.o
 .debug_line    0x0000235f      0x266 Src\stm32f4xx_hal_msp.o
 .debug_line    0x000025c5      0x209 Src\stm32f4xx_it.o
 .debug_line    0x000027ce      0x393 Src\syscalls.o
 .debug_line    0x00002b61      0x1f9 Src\system_stm32f4xx.o
 .debug_line    0x00002d5a       0x7f startup\startup_stm32f401xe.o

.debug_str      0x00000000     0x26d9
 .debug_str     0x00000000      0x9fa Drivers\STM32F4xx_HAL_Driver\Src\stm32f4xx_hal.o
                                0xa68 (size before relaxing)
 .debug_str     0x000009fa      0x4a8 Drivers\STM32F4xx_HAL_Driver\Src\stm32f4xx_hal_cortex.o
                                0xb95 (size before relaxing)
 .debug_str     0x00000ea2      0x1de Drivers\STM32F4xx_HAL_Driver\Src\stm32f4xx_hal_gpio.o
                                0x5cf (size before relaxing)
 .debug_str     0x00001080      0x2f4 Drivers\STM32F4xx_HAL_Driver\Src\stm32f4xx_hal_rcc.o
                                0x7ad (size before relaxing)
 .debug_str     0x00001374      0x950 Drivers\STM32F4xx_HAL_Driver\Src\stm32f4xx_hal_uart.o
                                0xcfe (size before relaxing)
 .debug_str     0x00001cc4       0xf0 Modbus\RTU\modbus_RTU.o
                                0x28f (size before relaxing)
 .debug_str     0x00001db4      0x189 Modbus\modbus.o
                                0x3e9 (size before relaxing)
 .debug_str     0x00001f3d      0x440 Src\main.o
                               0x1077 (size before relaxing)
 .debug_str     0x0000237d       0x1b Src\stm32f4xx_hal_msp.o
                                0x87e (size before relaxing)
 .debug_str     0x00002398       0xa6 Src\stm32f4xx_it.o
                                0x32d (size before relaxing)
 .debug_str     0x0000243e      0x256 Src\syscalls.o
                                0x870 (size before relaxing)
 .debug_str     0x00002694       0x45 Src\system_stm32f4xx.o
                                0x433 (size before relaxing)

.comment        0x00000000       0x7c
 .comment       0x00000000       0x7c Drivers\STM32F4xx_HAL_Driver\Src\stm32f4xx_hal.o
                                 0x7d (size before relaxing)
 .comment       0x0000007c       0x7d Drivers\STM32F4xx_HAL_Driver\Src\stm32f4xx_hal_cortex.o
 .comment       0x0000007c       0x7d Drivers\STM32F4xx_HAL_Driver\Src\stm32f4xx_hal_gpio.o
 .comment       0x0000007c       0x7d Drivers\STM32F4xx_HAL_Driver\Src\stm32f4xx_hal_rcc.o
 .comment       0x0000007c       0x7d Drivers\STM32F4xx_HAL_Driver\Src\stm32f4xx_hal_uart.o
 .comment       0x0000007c       0x7d Modbus\RTU\modbus_RTU.o
 .comment       0x0000007c       0x7d Modbus\modbus.o
 .comment       0x0000007c       0x7d Src\main.o
 .comment       0x0000007c       0x7d Src\stm32f4xx_hal_msp.o
 .comment       0x0000007c       0x7d Src\stm32f4xx_it.o
 .comment       0x0000007c       0x7d Src\syscalls.o
 .comment       0x0000007c       0x7d Src\system_stm32f4xx.o

.debug_frame    0x00000000     0x11d8
 .debug_frame   0x00000000      0x1f4 Drivers\STM32F4xx_HAL_Driver\Src\stm32f4xx_hal.o
 .debug_frame   0x000001f4      0x158 Drivers\STM32F4xx_HAL_Driver\Src\stm32f4xx_hal_cortex.o
 .debug_frame   0x0000034c       0xd8 Drivers\STM32F4xx_HAL_Driver\Src\stm32f4xx_hal_gpio.o
 .debug_frame   0x00000424      0x13c Drivers\STM32F4xx_HAL_Driver\Src\stm32f4xx_hal_rcc.o
 .debug_frame   0x00000560      0x4a0 Drivers\STM32F4xx_HAL_Driver\Src\stm32f4xx_hal_uart.o
 .debug_frame   0x00000a00       0x30 Modbus\RTU\modbus_RTU.o
 .debug_frame   0x00000a30       0x78 Modbus\modbus.o
 .debug_frame   0x00000aa8       0x64 Src\main.o
 .debug_frame   0x00000b0c       0x58 Src\stm32f4xx_hal_msp.o
 .debug_frame   0x00000b64       0xa0 Src\stm32f4xx_it.o
 .debug_frame   0x00000c04      0x1a8 Src\syscalls.o
 .debug_frame   0x00000dac       0x38 Src\system_stm32f4xx.o
 .debug_frame   0x00000de4       0x20 d:/installed program/truestudio for stm32 9.3.0/armtools/bin/../lib/gcc/arm-atollic-eabi/6.3.1/../../../../arm-atollic-eabi/lib/armv7e-m/fpu\libc_nano.a(lib_a-errno.o)
 .debug_frame   0x00000e04       0x2c d:/installed program/truestudio for stm32 9.3.0/armtools/bin/../lib/gcc/arm-atollic-eabi/6.3.1/../../../../arm-atollic-eabi/lib/armv7e-m/fpu\libc_nano.a(lib_a-init.o)
 .debug_frame   0x00000e30       0x28 d:/installed program/truestudio for stm32 9.3.0/armtools/bin/../lib/gcc/arm-atollic-eabi/6.3.1/../../../../arm-atollic-eabi/lib/armv7e-m/fpu\libc_nano.a(lib_a-memcpy-stub.o)
 .debug_frame   0x00000e58       0x20 d:/installed program/truestudio for stm32 9.3.0/armtools/bin/../lib/gcc/arm-atollic-eabi/6.3.1/../../../../arm-atollic-eabi/lib/armv7e-m/fpu\libc_nano.a(lib_a-memset.o)
 .debug_frame   0x00000e78       0x70 d:/installed program/truestudio for stm32 9.3.0/armtools/bin/../lib/gcc/arm-atollic-eabi/6.3.1/../../../../arm-atollic-eabi/lib/armv7e-m/fpu\libc_nano.a(lib_a-sprintf.o)
 .debug_frame   0x00000ee8       0x90 d:/installed program/truestudio for stm32 9.3.0/armtools/bin/../lib/gcc/arm-atollic-eabi/6.3.1/../../../../arm-atollic-eabi/lib/armv7e-m/fpu\libc_nano.a(lib_a-nano-svfprintf.o)
 .debug_frame   0x00000f78       0x60 d:/installed program/truestudio for stm32 9.3.0/armtools/bin/../lib/gcc/arm-atollic-eabi/6.3.1/../../../../arm-atollic-eabi/lib/armv7e-m/fpu\libc_nano.a(lib_a-nano-vfprintf_i.o)
 .debug_frame   0x00000fd8       0x28 d:/installed program/truestudio for stm32 9.3.0/armtools/bin/../lib/gcc/arm-atollic-eabi/6.3.1/../../../../arm-atollic-eabi/lib/armv7e-m/fpu\libc_nano.a(lib_a-memmove.o)
 .debug_frame   0x00001000       0x38 d:/installed program/truestudio for stm32 9.3.0/armtools/bin/../lib/gcc/arm-atollic-eabi/6.3.1/../../../../arm-atollic-eabi/lib/armv7e-m/fpu\libc_nano.a(lib_a-nano-freer.o)
 .debug_frame   0x00001038       0x2c d:/installed program/truestudio for stm32 9.3.0/armtools/bin/../lib/gcc/arm-atollic-eabi/6.3.1/../../../../arm-atollic-eabi/lib/armv7e-m/fpu\libc_nano.a(lib_a-nano-mallocr.o)
 .debug_frame   0x00001064       0x3c d:/installed program/truestudio for stm32 9.3.0/armtools/bin/../lib/gcc/arm-atollic-eabi/6.3.1/../../../../arm-atollic-eabi/lib/armv7e-m/fpu\libc_nano.a(lib_a-nano-reallocr.o)
 .debug_frame   0x000010a0       0x2c d:/installed program/truestudio for stm32 9.3.0/armtools/bin/../lib/gcc/arm-atollic-eabi/6.3.1/../../../../arm-atollic-eabi/lib/armv7e-m/fpu\libc_nano.a(lib_a-sbrkr.o)
 .debug_frame   0x000010cc       0x30 d:/installed program/truestudio for stm32 9.3.0/armtools/bin/../lib/gcc/arm-atollic-eabi/6.3.1/../../../../arm-atollic-eabi/lib/armv7e-m/fpu\libc_nano.a(lib_a-mlock.o)
 .debug_frame   0x000010fc       0x20 d:/installed program/truestudio for stm32 9.3.0/armtools/bin/../lib/gcc/arm-atollic-eabi/6.3.1/../../../../arm-atollic-eabi/lib/armv7e-m/fpu\libc_nano.a(lib_a-nano-msizer.o)
 .debug_frame   0x0000111c       0x5c d:/installed program/truestudio for stm32 9.3.0/armtools/bin/../lib/gcc/arm-atollic-eabi/6.3.1/../../../../arm-atollic-eabi/lib/armv7e-m/fpu\libc_nano.a(lib_a-reent.o)
 .debug_frame   0x00001178       0x2c d:/installed program/truestudio for stm32 9.3.0/armtools/bin/../lib/gcc/arm-atollic-eabi/6.3.1/armv7e-m/fpu\libgcc.a(_aeabi_uldivmod.o)
 .debug_frame   0x000011a4       0x34 d:/installed program/truestudio for stm32 9.3.0/armtools/bin/../lib/gcc/arm-atollic-eabi/6.3.1/armv7e-m/fpu\libgcc.a(_udivmoddi4.o)
